// Jest Snapshot v1, https://goo.gl/fbAQLP

exports[`Testing the first app should test the first component 1`] = `ShallowWrapper {}`;
